{
    "27-accessor-methods.ts": {
        "score": 4,
        "inner": [
            {
                "name": "Getter",
                "score": 2,
                "line": 3,
                "column": 1,
                "inner": [
                    {
                        "name": "f",
                        "score": 1,
                        "line": 5,
                        "column": 5
                    },
                    {
                        "name": "[property]",
                        "score": 1,
                        "line": 11,
                        "column": 5
                    }
                ]
            },
            {
                "name": "Setter",
                "score": 2,
                "line": 17,
                "column": 1,
                "inner": [
                    {
                        "name": "f",
                        "score": 1,
                        "line": 18,
                        "column": 5
                    },
                    {
                        "name": "[property]",
                        "score": 1,
                        "line": 22,
                        "column": 5
                    }
                ]
            }
        ]
    }
}