{
    "38-unnamed-empty-catch.ts": {
        "score": 1
    }
}