{
    "39-javascript-private-fields.js": {
        "score": 5,
        "inner": [
            {
                "name": "A",
                "score": 5,
                "line": 1,
                "column": 1,
                "inner": [
                    {
                        "name": "#b",
                        "score": 1,
                        "line": 2,
                        "column": 5
                    },
                    {
                        "name": "#c",
                        "score": 1,
                        "line": 6,
                        "column": 5
                    },
                    {
                        "name": "#d",
                        "score": 1,
                        "line": 10,
                        "column": 5
                    },
                    {
                        "name": "#e",
                        "score": 1,
                        "line": 14,
                        "column": 17
                    },
                    {
                        "name": "#f",
                        "score": 1,
                        "line": 16,
                        "column": 17
                    }
                ]
            }
        ]
    }
}